------------------------------------------------------------
Timing Analyzer Summary
------------------------------------------------------------

Type  : Slow 1200mV 85C Model Setup 'clk'
Slack : -2.485
TNS   : -17.230

Type  : Slow 1200mV 85C Model Setup 'sw[0]'
Slack : -2.049
TNS   : -2.302

Type  : Slow 1200mV 85C Model Hold 'sw[0]'
Slack : -0.718
TNS   : -1.694

Type  : Slow 1200mV 85C Model Hold 'clk'
Slack : -0.383
TNS   : -1.142

Type  : Slow 1200mV 85C Model Minimum Pulse Width 'clk'
Slack : -3.000
TNS   : -13.280

Type  : Slow 1200mV 85C Model Minimum Pulse Width 'sw[0]'
Slack : -3.000
TNS   : -3.000

Type  : Slow 1200mV 0C Model Setup 'clk'
Slack : -2.151
TNS   : -14.902

Type  : Slow 1200mV 0C Model Setup 'sw[0]'
Slack : -1.946
TNS   : -2.308

Type  : Slow 1200mV 0C Model Hold 'sw[0]'
Slack : -0.518
TNS   : -1.339

Type  : Slow 1200mV 0C Model Hold 'clk'
Slack : -0.274
TNS   : -0.804

Type  : Slow 1200mV 0C Model Minimum Pulse Width 'clk'
Slack : -3.000
TNS   : -13.280

Type  : Slow 1200mV 0C Model Minimum Pulse Width 'sw[0]'
Slack : -3.000
TNS   : -3.000

Type  : Fast 1200mV 0C Model Setup 'clk'
Slack : -1.340
TNS   : -9.429

Type  : Fast 1200mV 0C Model Setup 'sw[0]'
Slack : -0.468
TNS   : -0.468

Type  : Fast 1200mV 0C Model Hold 'sw[0]'
Slack : -0.560
TNS   : -1.332

Type  : Fast 1200mV 0C Model Hold 'clk'
Slack : -0.370
TNS   : -1.620

Type  : Fast 1200mV 0C Model Minimum Pulse Width 'clk'
Slack : -3.000
TNS   : -11.480

Type  : Fast 1200mV 0C Model Minimum Pulse Width 'sw[0]'
Slack : -3.000
TNS   : -3.000

------------------------------------------------------------
