------------------------------------------------------------
Timing Analyzer Summary
------------------------------------------------------------

Type  : Slow 1200mV 85C Model Setup 'e'
Slack : -3.963
TNS   : -18.920

Type  : Slow 1200mV 85C Model Setup 'clk'
Slack : -2.955
TNS   : -18.508

Type  : Slow 1200mV 85C Model Hold 'e'
Slack : -0.836
TNS   : -0.978

Type  : Slow 1200mV 85C Model Hold 'clk'
Slack : 0.440
TNS   : 0.000

Type  : Slow 1200mV 85C Model Minimum Pulse Width 'clk'
Slack : -3.000
TNS   : -13.280

Type  : Slow 1200mV 85C Model Minimum Pulse Width 'e'
Slack : -3.000
TNS   : -3.000

Type  : Slow 1200mV 0C Model Setup 'e'
Slack : -3.807
TNS   : -18.241

Type  : Slow 1200mV 0C Model Setup 'clk'
Slack : -2.517
TNS   : -15.723

Type  : Slow 1200mV 0C Model Hold 'e'
Slack : -0.639
TNS   : -0.639

Type  : Slow 1200mV 0C Model Hold 'clk'
Slack : 0.387
TNS   : 0.000

Type  : Slow 1200mV 0C Model Minimum Pulse Width 'clk'
Slack : -3.000
TNS   : -13.280

Type  : Slow 1200mV 0C Model Minimum Pulse Width 'e'
Slack : -3.000
TNS   : -3.000

Type  : Fast 1200mV 0C Model Setup 'clk'
Slack : -1.771
TNS   : -10.600

Type  : Fast 1200mV 0C Model Setup 'e'
Slack : -1.357
TNS   : -5.282

Type  : Fast 1200mV 0C Model Hold 'e'
Slack : -0.676
TNS   : -1.272

Type  : Fast 1200mV 0C Model Hold 'clk'
Slack : 0.201
TNS   : 0.000

Type  : Fast 1200mV 0C Model Minimum Pulse Width 'clk'
Slack : -3.000
TNS   : -11.836

Type  : Fast 1200mV 0C Model Minimum Pulse Width 'e'
Slack : -3.000
TNS   : -3.000

------------------------------------------------------------
